MPLINK 4.37, Linker
Linker Map File - Created Sun Feb 05 10:50:22 2023

                                 Section Info
                  Section       Type    Address   Location Size(Bytes)
                ---------  ---------  ---------  ---------  ---------
                   .org_0       code   0x000000    program   0x000000
                   .org_1       code   0x000000    program   0x000002
                   .org_2       code   0x000004    program   0x000248
.config_2007_ESTEBAN_CODIGOLEDS.O       code   0x002007    program   0x000002



                              Program Memory Usage 
                               Start         End      
                           ---------   ---------      
                            0x000000    0x000000      
                            0x000004    0x000127      
                            0x002007    0x002007      
            294 out of 1093 program addresses used, program memory utilization is 26%



                              Symbols - Sorted by Name
                     Name    Address   Location    Storage File                     
                ---------  ---------  ---------  --------- ---------                
                AT_INTERR   0x0000f4    program     static D:\2022\grabador de PIC\2022\progrma Secuencias\ver 1\Esteban_Codigo\ESTEBAN_CodigoLeds.asm
                    ExtM0   0x000040    program     static D:\2022\grabador de PIC\2022\progrma Secuencias\ver 1\Esteban_Codigo\ESTEBAN_CodigoLeds.asm
                  ExtM1_0   0x000065    program     static D:\2022\grabador de PIC\2022\progrma Secuencias\ver 1\Esteban_Codigo\ESTEBAN_CodigoLeds.asm
                  ExtM1_1   0x00008e    program     static D:\2022\grabador de PIC\2022\progrma Secuencias\ver 1\Esteban_Codigo\ESTEBAN_CodigoLeds.asm
                    ExtM3   0x0000b5    program     static D:\2022\grabador de PIC\2022\progrma Secuencias\ver 1\Esteban_Codigo\ESTEBAN_CodigoLeds.asm
                    ExtM4   0x0000d2    program     static D:\2022\grabador de PIC\2022\progrma Secuencias\ver 1\Esteban_Codigo\ESTEBAN_CodigoLeds.asm
                    ExtT0   0x000113    program     static D:\2022\grabador de PIC\2022\progrma Secuencias\ver 1\Esteban_Codigo\ESTEBAN_CodigoLeds.asm
                    ExtX0   0x000126    program     static D:\2022\grabador de PIC\2022\progrma Secuencias\ver 1\Esteban_Codigo\ESTEBAN_CodigoLeds.asm
                     LOOP   0x000021    program     static D:\2022\grabador de PIC\2022\progrma Secuencias\ver 1\Esteban_Codigo\ESTEBAN_CodigoLeds.asm
              M0Continue0   0x00002c    program     static D:\2022\grabador de PIC\2022\progrma Secuencias\ver 1\Esteban_Codigo\ESTEBAN_CodigoLeds.asm
              M0Continue1   0x00002b    program     static D:\2022\grabador de PIC\2022\progrma Secuencias\ver 1\Esteban_Codigo\ESTEBAN_CodigoLeds.asm
              M0Continue2   0x000039    program     static D:\2022\grabador de PIC\2022\progrma Secuencias\ver 1\Esteban_Codigo\ESTEBAN_CodigoLeds.asm
              M0Continue3   0x000037    program     static D:\2022\grabador de PIC\2022\progrma Secuencias\ver 1\Esteban_Codigo\ESTEBAN_CodigoLeds.asm
              M0Continue4   0x00003e    program     static D:\2022\grabador de PIC\2022\progrma Secuencias\ver 1\Esteban_Codigo\ESTEBAN_CodigoLeds.asm
                M1_0Ciclo   0x000056    program     static D:\2022\grabador de PIC\2022\progrma Secuencias\ver 1\Esteban_Codigo\ESTEBAN_CodigoLeds.asm
            M1_0Continue0   0x00004d    program     static D:\2022\grabador de PIC\2022\progrma Secuencias\ver 1\Esteban_Codigo\ESTEBAN_CodigoLeds.asm
            M1_0Continue1   0x00004c    program     static D:\2022\grabador de PIC\2022\progrma Secuencias\ver 1\Esteban_Codigo\ESTEBAN_CodigoLeds.asm
            M1_0Continue2   0x00005c    program     static D:\2022\grabador de PIC\2022\progrma Secuencias\ver 1\Esteban_Codigo\ESTEBAN_CodigoLeds.asm
            M1_0Continue3   0x000063    program     static D:\2022\grabador de PIC\2022\progrma Secuencias\ver 1\Esteban_Codigo\ESTEBAN_CodigoLeds.asm
                M1_0Rotar   0x00005a    program     static D:\2022\grabador de PIC\2022\progrma Secuencias\ver 1\Esteban_Codigo\ESTEBAN_CodigoLeds.asm
                M1_1Ciclo   0x00007f    program     static D:\2022\grabador de PIC\2022\progrma Secuencias\ver 1\Esteban_Codigo\ESTEBAN_CodigoLeds.asm
            M1_1Continue0   0x000073    program     static D:\2022\grabador de PIC\2022\progrma Secuencias\ver 1\Esteban_Codigo\ESTEBAN_CodigoLeds.asm
            M1_1Continue1   0x000071    program     static D:\2022\grabador de PIC\2022\progrma Secuencias\ver 1\Esteban_Codigo\ESTEBAN_CodigoLeds.asm
            M1_1Continue2   0x000085    program     static D:\2022\grabador de PIC\2022\progrma Secuencias\ver 1\Esteban_Codigo\ESTEBAN_CodigoLeds.asm
            M1_1Continue3   0x00008c    program     static D:\2022\grabador de PIC\2022\progrma Secuencias\ver 1\Esteban_Codigo\ESTEBAN_CodigoLeds.asm
                M1_1Rotar   0x000083    program     static D:\2022\grabador de PIC\2022\progrma Secuencias\ver 1\Esteban_Codigo\ESTEBAN_CodigoLeds.asm
              M2Continue0   0x00009b    program     static D:\2022\grabador de PIC\2022\progrma Secuencias\ver 1\Esteban_Codigo\ESTEBAN_CodigoLeds.asm
              M2Continue1   0x0000a6    program     static D:\2022\grabador de PIC\2022\progrma Secuencias\ver 1\Esteban_Codigo\ESTEBAN_CodigoLeds.asm
              M2Continue2   0x0000a9    program     static D:\2022\grabador de PIC\2022\progrma Secuencias\ver 1\Esteban_Codigo\ESTEBAN_CodigoLeds.asm
              M3Continue0   0x0000b3    program     static D:\2022\grabador de PIC\2022\progrma Secuencias\ver 1\Esteban_Codigo\ESTEBAN_CodigoLeds.asm
              M4Continue0   0x0000cb    program     static D:\2022\grabador de PIC\2022\progrma Secuencias\ver 1\Esteban_Codigo\ESTEBAN_CodigoLeds.asm
              M4Continue1   0x0000c3    program     static D:\2022\grabador de PIC\2022\progrma Secuencias\ver 1\Esteban_Codigo\ESTEBAN_CodigoLeds.asm
              M4Continue2   0x0000d0    program     static D:\2022\grabador de PIC\2022\progrma Secuencias\ver 1\Esteban_Codigo\ESTEBAN_CodigoLeds.asm
              M5Continue0   0x0000e4    program     static D:\2022\grabador de PIC\2022\progrma Secuencias\ver 1\Esteban_Codigo\ESTEBAN_CodigoLeds.asm
              M5Continue1   0x0000e3    program     static D:\2022\grabador de PIC\2022\progrma Secuencias\ver 1\Esteban_Codigo\ESTEBAN_CodigoLeds.asm
              M5Continue2   0x0000e9    program     static D:\2022\grabador de PIC\2022\progrma Secuencias\ver 1\Esteban_Codigo\ESTEBAN_CodigoLeds.asm
              M5Continue3   0x0000ee    program     static D:\2022\grabador de PIC\2022\progrma Secuencias\ver 1\Esteban_Codigo\ESTEBAN_CodigoLeds.asm
              M5Continue4   0x0000f3    program     static D:\2022\grabador de PIC\2022\progrma Secuencias\ver 1\Esteban_Codigo\ESTEBAN_CodigoLeds.asm
                     Main   0x000005    program     static D:\2022\grabador de PIC\2022\progrma Secuencias\ver 1\Esteban_Codigo\ESTEBAN_CodigoLeds.asm
                Ref_Modo0   0x000022    program     static D:\2022\grabador de PIC\2022\progrma Secuencias\ver 1\Esteban_Codigo\ESTEBAN_CodigoLeds.asm
              Ref_Modo1_0   0x000041    program     static D:\2022\grabador de PIC\2022\progrma Secuencias\ver 1\Esteban_Codigo\ESTEBAN_CodigoLeds.asm
              Ref_Modo1_1   0x000066    program     static D:\2022\grabador de PIC\2022\progrma Secuencias\ver 1\Esteban_Codigo\ESTEBAN_CodigoLeds.asm
                Ref_Modo2   0x00008f    program     static D:\2022\grabador de PIC\2022\progrma Secuencias\ver 1\Esteban_Codigo\ESTEBAN_CodigoLeds.asm
                Ref_Modo3   0x0000aa    program     static D:\2022\grabador de PIC\2022\progrma Secuencias\ver 1\Esteban_Codigo\ESTEBAN_CodigoLeds.asm
                Ref_Modo4   0x0000b6    program     static D:\2022\grabador de PIC\2022\progrma Secuencias\ver 1\Esteban_Codigo\ESTEBAN_CodigoLeds.asm
                Ref_Modo5   0x0000d3    program     static D:\2022\grabador de PIC\2022\progrma Secuencias\ver 1\Esteban_Codigo\ESTEBAN_CodigoLeds.asm
              T0Continue0   0x0000ff    program     static D:\2022\grabador de PIC\2022\progrma Secuencias\ver 1\Esteban_Codigo\ESTEBAN_CodigoLeds.asm
              T0Continue1   0x000105    program     static D:\2022\grabador de PIC\2022\progrma Secuencias\ver 1\Esteban_Codigo\ESTEBAN_CodigoLeds.asm
              T0Continue2   0x00010b    program     static D:\2022\grabador de PIC\2022\progrma Secuencias\ver 1\Esteban_Codigo\ESTEBAN_CodigoLeds.asm
              T0Continue3   0x000111    program     static D:\2022\grabador de PIC\2022\progrma Secuencias\ver 1\Esteban_Codigo\ESTEBAN_CodigoLeds.asm
              X0Continue0   0x000125    program     static D:\2022\grabador de PIC\2022\progrma Secuencias\ver 1\Esteban_Codigo\ESTEBAN_CodigoLeds.asm
                      _T0   0x0000f7    program     static D:\2022\grabador de PIC\2022\progrma Secuencias\ver 1\Esteban_Codigo\ESTEBAN_CodigoLeds.asm
                      _X0   0x000115    program     static D:\2022\grabador de PIC\2022\progrma Secuencias\ver 1\Esteban_Codigo\ESTEBAN_CodigoLeds.asm



                              Symbols - Sorted by Address
                     Name    Address   Location    Storage File                     
                ---------  ---------  ---------  --------- ---------                
                     Main   0x000005    program     static D:\2022\grabador de PIC\2022\progrma Secuencias\ver 1\Esteban_Codigo\ESTEBAN_CodigoLeds.asm
                     LOOP   0x000021    program     static D:\2022\grabador de PIC\2022\progrma Secuencias\ver 1\Esteban_Codigo\ESTEBAN_CodigoLeds.asm
                Ref_Modo0   0x000022    program     static D:\2022\grabador de PIC\2022\progrma Secuencias\ver 1\Esteban_Codigo\ESTEBAN_CodigoLeds.asm
              M0Continue1   0x00002b    program     static D:\2022\grabador de PIC\2022\progrma Secuencias\ver 1\Esteban_Codigo\ESTEBAN_CodigoLeds.asm
              M0Continue0   0x00002c    program     static D:\2022\grabador de PIC\2022\progrma Secuencias\ver 1\Esteban_Codigo\ESTEBAN_CodigoLeds.asm
              M0Continue3   0x000037    program     static D:\2022\grabador de PIC\2022\progrma Secuencias\ver 1\Esteban_Codigo\ESTEBAN_CodigoLeds.asm
              M0Continue2   0x000039    program     static D:\2022\grabador de PIC\2022\progrma Secuencias\ver 1\Esteban_Codigo\ESTEBAN_CodigoLeds.asm
              M0Continue4   0x00003e    program     static D:\2022\grabador de PIC\2022\progrma Secuencias\ver 1\Esteban_Codigo\ESTEBAN_CodigoLeds.asm
                    ExtM0   0x000040    program     static D:\2022\grabador de PIC\2022\progrma Secuencias\ver 1\Esteban_Codigo\ESTEBAN_CodigoLeds.asm
              Ref_Modo1_0   0x000041    program     static D:\2022\grabador de PIC\2022\progrma Secuencias\ver 1\Esteban_Codigo\ESTEBAN_CodigoLeds.asm
            M1_0Continue1   0x00004c    program     static D:\2022\grabador de PIC\2022\progrma Secuencias\ver 1\Esteban_Codigo\ESTEBAN_CodigoLeds.asm
            M1_0Continue0   0x00004d    program     static D:\2022\grabador de PIC\2022\progrma Secuencias\ver 1\Esteban_Codigo\ESTEBAN_CodigoLeds.asm
                M1_0Ciclo   0x000056    program     static D:\2022\grabador de PIC\2022\progrma Secuencias\ver 1\Esteban_Codigo\ESTEBAN_CodigoLeds.asm
                M1_0Rotar   0x00005a    program     static D:\2022\grabador de PIC\2022\progrma Secuencias\ver 1\Esteban_Codigo\ESTEBAN_CodigoLeds.asm
            M1_0Continue2   0x00005c    program     static D:\2022\grabador de PIC\2022\progrma Secuencias\ver 1\Esteban_Codigo\ESTEBAN_CodigoLeds.asm
            M1_0Continue3   0x000063    program     static D:\2022\grabador de PIC\2022\progrma Secuencias\ver 1\Esteban_Codigo\ESTEBAN_CodigoLeds.asm
                  ExtM1_0   0x000065    program     static D:\2022\grabador de PIC\2022\progrma Secuencias\ver 1\Esteban_Codigo\ESTEBAN_CodigoLeds.asm
              Ref_Modo1_1   0x000066    program     static D:\2022\grabador de PIC\2022\progrma Secuencias\ver 1\Esteban_Codigo\ESTEBAN_CodigoLeds.asm
            M1_1Continue1   0x000071    program     static D:\2022\grabador de PIC\2022\progrma Secuencias\ver 1\Esteban_Codigo\ESTEBAN_CodigoLeds.asm
            M1_1Continue0   0x000073    program     static D:\2022\grabador de PIC\2022\progrma Secuencias\ver 1\Esteban_Codigo\ESTEBAN_CodigoLeds.asm
                M1_1Ciclo   0x00007f    program     static D:\2022\grabador de PIC\2022\progrma Secuencias\ver 1\Esteban_Codigo\ESTEBAN_CodigoLeds.asm
                M1_1Rotar   0x000083    program     static D:\2022\grabador de PIC\2022\progrma Secuencias\ver 1\Esteban_Codigo\ESTEBAN_CodigoLeds.asm
            M1_1Continue2   0x000085    program     static D:\2022\grabador de PIC\2022\progrma Secuencias\ver 1\Esteban_Codigo\ESTEBAN_CodigoLeds.asm
            M1_1Continue3   0x00008c    program     static D:\2022\grabador de PIC\2022\progrma Secuencias\ver 1\Esteban_Codigo\ESTEBAN_CodigoLeds.asm
                  ExtM1_1   0x00008e    program     static D:\2022\grabador de PIC\2022\progrma Secuencias\ver 1\Esteban_Codigo\ESTEBAN_CodigoLeds.asm
                Ref_Modo2   0x00008f    program     static D:\2022\grabador de PIC\2022\progrma Secuencias\ver 1\Esteban_Codigo\ESTEBAN_CodigoLeds.asm
              M2Continue0   0x00009b    program     static D:\2022\grabador de PIC\2022\progrma Secuencias\ver 1\Esteban_Codigo\ESTEBAN_CodigoLeds.asm
              M2Continue1   0x0000a6    program     static D:\2022\grabador de PIC\2022\progrma Secuencias\ver 1\Esteban_Codigo\ESTEBAN_CodigoLeds.asm
              M2Continue2   0x0000a9    program     static D:\2022\grabador de PIC\2022\progrma Secuencias\ver 1\Esteban_Codigo\ESTEBAN_CodigoLeds.asm
                Ref_Modo3   0x0000aa    program     static D:\2022\grabador de PIC\2022\progrma Secuencias\ver 1\Esteban_Codigo\ESTEBAN_CodigoLeds.asm
              M3Continue0   0x0000b3    program     static D:\2022\grabador de PIC\2022\progrma Secuencias\ver 1\Esteban_Codigo\ESTEBAN_CodigoLeds.asm
                    ExtM3   0x0000b5    program     static D:\2022\grabador de PIC\2022\progrma Secuencias\ver 1\Esteban_Codigo\ESTEBAN_CodigoLeds.asm
                Ref_Modo4   0x0000b6    program     static D:\2022\grabador de PIC\2022\progrma Secuencias\ver 1\Esteban_Codigo\ESTEBAN_CodigoLeds.asm
              M4Continue1   0x0000c3    program     static D:\2022\grabador de PIC\2022\progrma Secuencias\ver 1\Esteban_Codigo\ESTEBAN_CodigoLeds.asm
              M4Continue0   0x0000cb    program     static D:\2022\grabador de PIC\2022\progrma Secuencias\ver 1\Esteban_Codigo\ESTEBAN_CodigoLeds.asm
              M4Continue2   0x0000d0    program     static D:\2022\grabador de PIC\2022\progrma Secuencias\ver 1\Esteban_Codigo\ESTEBAN_CodigoLeds.asm
                    ExtM4   0x0000d2    program     static D:\2022\grabador de PIC\2022\progrma Secuencias\ver 1\Esteban_Codigo\ESTEBAN_CodigoLeds.asm
                Ref_Modo5   0x0000d3    program     static D:\2022\grabador de PIC\2022\progrma Secuencias\ver 1\Esteban_Codigo\ESTEBAN_CodigoLeds.asm
              M5Continue1   0x0000e3    program     static D:\2022\grabador de PIC\2022\progrma Secuencias\ver 1\Esteban_Codigo\ESTEBAN_CodigoLeds.asm
              M5Continue0   0x0000e4    program     static D:\2022\grabador de PIC\2022\progrma Secuencias\ver 1\Esteban_Codigo\ESTEBAN_CodigoLeds.asm
              M5Continue2   0x0000e9    program     static D:\2022\grabador de PIC\2022\progrma Secuencias\ver 1\Esteban_Codigo\ESTEBAN_CodigoLeds.asm
              M5Continue3   0x0000ee    program     static D:\2022\grabador de PIC\2022\progrma Secuencias\ver 1\Esteban_Codigo\ESTEBAN_CodigoLeds.asm
              M5Continue4   0x0000f3    program     static D:\2022\grabador de PIC\2022\progrma Secuencias\ver 1\Esteban_Codigo\ESTEBAN_CodigoLeds.asm
                AT_INTERR   0x0000f4    program     static D:\2022\grabador de PIC\2022\progrma Secuencias\ver 1\Esteban_Codigo\ESTEBAN_CodigoLeds.asm
                      _T0   0x0000f7    program     static D:\2022\grabador de PIC\2022\progrma Secuencias\ver 1\Esteban_Codigo\ESTEBAN_CodigoLeds.asm
              T0Continue0   0x0000ff    program     static D:\2022\grabador de PIC\2022\progrma Secuencias\ver 1\Esteban_Codigo\ESTEBAN_CodigoLeds.asm
              T0Continue1   0x000105    program     static D:\2022\grabador de PIC\2022\progrma Secuencias\ver 1\Esteban_Codigo\ESTEBAN_CodigoLeds.asm
              T0Continue2   0x00010b    program     static D:\2022\grabador de PIC\2022\progrma Secuencias\ver 1\Esteban_Codigo\ESTEBAN_CodigoLeds.asm
              T0Continue3   0x000111    program     static D:\2022\grabador de PIC\2022\progrma Secuencias\ver 1\Esteban_Codigo\ESTEBAN_CodigoLeds.asm
                    ExtT0   0x000113    program     static D:\2022\grabador de PIC\2022\progrma Secuencias\ver 1\Esteban_Codigo\ESTEBAN_CodigoLeds.asm
                      _X0   0x000115    program     static D:\2022\grabador de PIC\2022\progrma Secuencias\ver 1\Esteban_Codigo\ESTEBAN_CodigoLeds.asm
              X0Continue0   0x000125    program     static D:\2022\grabador de PIC\2022\progrma Secuencias\ver 1\Esteban_Codigo\ESTEBAN_CodigoLeds.asm
                    ExtX0   0x000126    program     static D:\2022\grabador de PIC\2022\progrma Secuencias\ver 1\Esteban_Codigo\ESTEBAN_CodigoLeds.asm


