MPLINK 4.37, Linker
Linker Map File - Created Fri Feb 03 02:28:12 2023

                                 Section Info
                  Section       Type    Address   Location Size(Bytes)
                ---------  ---------  ---------  ---------  ---------
                   .org_0       code   0x000000    program   0x000000
                   .org_1       code   0x000000    program   0x000002
                   .org_2       code   0x000004    program   0x000114
.config_2007_ESTEBAN_CODIGOLEDS.O       code   0x002007    program   0x000002



                              Program Memory Usage 
                               Start         End      
                           ---------   ---------      
                            0x000000    0x000000      
                            0x000004    0x00008d      
                            0x002007    0x002007      
            140 out of 1093 program addresses used, program memory utilization is 12%



                              Symbols - Sorted by Name
                     Name    Address   Location    Storage File                     
                ---------  ---------  ---------  --------- ---------                
                AT_INTERR   0x000066    program     static D:\2022\grabador de PIC\2022\progrma Secuencias\ver 1\ESTEBAN_CodigoLeds.asm
                    Ciclo   0x000050    program     static D:\2022\grabador de PIC\2022\progrma Secuencias\ver 1\ESTEBAN_CodigoLeds.asm
                     LOOP   0x00001b    program     static D:\2022\grabador de PIC\2022\progrma Secuencias\ver 1\ESTEBAN_CodigoLeds.asm
             M0_Continue0   0x000026    program     static D:\2022\grabador de PIC\2022\progrma Secuencias\ver 1\ESTEBAN_CodigoLeds.asm
             M0_Continue1   0x000025    program     static D:\2022\grabador de PIC\2022\progrma Secuencias\ver 1\ESTEBAN_CodigoLeds.asm
             M0_Continue2   0x000033    program     static D:\2022\grabador de PIC\2022\progrma Secuencias\ver 1\ESTEBAN_CodigoLeds.asm
             M0_Continue3   0x000031    program     static D:\2022\grabador de PIC\2022\progrma Secuencias\ver 1\ESTEBAN_CodigoLeds.asm
             M0_Continue4   0x000038    program     static D:\2022\grabador de PIC\2022\progrma Secuencias\ver 1\ESTEBAN_CodigoLeds.asm
             M1_Continue0   0x000047    program     static D:\2022\grabador de PIC\2022\progrma Secuencias\ver 1\ESTEBAN_CodigoLeds.asm
             M1_Continue1   0x000046    program     static D:\2022\grabador de PIC\2022\progrma Secuencias\ver 1\ESTEBAN_CodigoLeds.asm
             M1_Continue2   0x000056    program     static D:\2022\grabador de PIC\2022\progrma Secuencias\ver 1\ESTEBAN_CodigoLeds.asm
             M1_Continue3   0x00005d    program     static D:\2022\grabador de PIC\2022\progrma Secuencias\ver 1\ESTEBAN_CodigoLeds.asm
                     Main   0x000005    program     static D:\2022\grabador de PIC\2022\progrma Secuencias\ver 1\ESTEBAN_CodigoLeds.asm
                Ref_Modo0   0x00001c    program     static D:\2022\grabador de PIC\2022\progrma Secuencias\ver 1\ESTEBAN_CodigoLeds.asm
                Ref_Modo1   0x00003b    program     static D:\2022\grabador de PIC\2022\progrma Secuencias\ver 1\ESTEBAN_CodigoLeds.asm
                Ref_Modo2   0x000060    program     static D:\2022\grabador de PIC\2022\progrma Secuencias\ver 1\ESTEBAN_CodigoLeds.asm
                Ref_Modo3   0x000063    program     static D:\2022\grabador de PIC\2022\progrma Secuencias\ver 1\ESTEBAN_CodigoLeds.asm
                    Rotar   0x000054    program     static D:\2022\grabador de PIC\2022\progrma Secuencias\ver 1\ESTEBAN_CodigoLeds.asm
              T0Continue0   0x000071    program     static D:\2022\grabador de PIC\2022\progrma Secuencias\ver 1\ESTEBAN_CodigoLeds.asm
              T0Continue1   0x000077    program     static D:\2022\grabador de PIC\2022\progrma Secuencias\ver 1\ESTEBAN_CodigoLeds.asm
              T0Continue2   0x00007d    program     static D:\2022\grabador de PIC\2022\progrma Secuencias\ver 1\ESTEBAN_CodigoLeds.asm
              X0Continue0   0x00008b    program     static D:\2022\grabador de PIC\2022\progrma Secuencias\ver 1\ESTEBAN_CodigoLeds.asm
                   _ExtM0   0x00003a    program     static D:\2022\grabador de PIC\2022\progrma Secuencias\ver 1\ESTEBAN_CodigoLeds.asm
                   _ExtM1   0x00005f    program     static D:\2022\grabador de PIC\2022\progrma Secuencias\ver 1\ESTEBAN_CodigoLeds.asm
                   _ExtM2   0x000062    program     static D:\2022\grabador de PIC\2022\progrma Secuencias\ver 1\ESTEBAN_CodigoLeds.asm
                   _ExtM3   0x000065    program     static D:\2022\grabador de PIC\2022\progrma Secuencias\ver 1\ESTEBAN_CodigoLeds.asm
                   _ExtT0   0x000083    program     static D:\2022\grabador de PIC\2022\progrma Secuencias\ver 1\ESTEBAN_CodigoLeds.asm
                   _ExtX0   0x00008c    program     static D:\2022\grabador de PIC\2022\progrma Secuencias\ver 1\ESTEBAN_CodigoLeds.asm
                      _T0   0x000069    program     static D:\2022\grabador de PIC\2022\progrma Secuencias\ver 1\ESTEBAN_CodigoLeds.asm
                      _X0   0x000085    program     static D:\2022\grabador de PIC\2022\progrma Secuencias\ver 1\ESTEBAN_CodigoLeds.asm



                              Symbols - Sorted by Address
                     Name    Address   Location    Storage File                     
                ---------  ---------  ---------  --------- ---------                
                     Main   0x000005    program     static D:\2022\grabador de PIC\2022\progrma Secuencias\ver 1\ESTEBAN_CodigoLeds.asm
                     LOOP   0x00001b    program     static D:\2022\grabador de PIC\2022\progrma Secuencias\ver 1\ESTEBAN_CodigoLeds.asm
                Ref_Modo0   0x00001c    program     static D:\2022\grabador de PIC\2022\progrma Secuencias\ver 1\ESTEBAN_CodigoLeds.asm
             M0_Continue1   0x000025    program     static D:\2022\grabador de PIC\2022\progrma Secuencias\ver 1\ESTEBAN_CodigoLeds.asm
             M0_Continue0   0x000026    program     static D:\2022\grabador de PIC\2022\progrma Secuencias\ver 1\ESTEBAN_CodigoLeds.asm
             M0_Continue3   0x000031    program     static D:\2022\grabador de PIC\2022\progrma Secuencias\ver 1\ESTEBAN_CodigoLeds.asm
             M0_Continue2   0x000033    program     static D:\2022\grabador de PIC\2022\progrma Secuencias\ver 1\ESTEBAN_CodigoLeds.asm
             M0_Continue4   0x000038    program     static D:\2022\grabador de PIC\2022\progrma Secuencias\ver 1\ESTEBAN_CodigoLeds.asm
                   _ExtM0   0x00003a    program     static D:\2022\grabador de PIC\2022\progrma Secuencias\ver 1\ESTEBAN_CodigoLeds.asm
                Ref_Modo1   0x00003b    program     static D:\2022\grabador de PIC\2022\progrma Secuencias\ver 1\ESTEBAN_CodigoLeds.asm
             M1_Continue1   0x000046    program     static D:\2022\grabador de PIC\2022\progrma Secuencias\ver 1\ESTEBAN_CodigoLeds.asm
             M1_Continue0   0x000047    program     static D:\2022\grabador de PIC\2022\progrma Secuencias\ver 1\ESTEBAN_CodigoLeds.asm
                    Ciclo   0x000050    program     static D:\2022\grabador de PIC\2022\progrma Secuencias\ver 1\ESTEBAN_CodigoLeds.asm
                    Rotar   0x000054    program     static D:\2022\grabador de PIC\2022\progrma Secuencias\ver 1\ESTEBAN_CodigoLeds.asm
             M1_Continue2   0x000056    program     static D:\2022\grabador de PIC\2022\progrma Secuencias\ver 1\ESTEBAN_CodigoLeds.asm
             M1_Continue3   0x00005d    program     static D:\2022\grabador de PIC\2022\progrma Secuencias\ver 1\ESTEBAN_CodigoLeds.asm
                   _ExtM1   0x00005f    program     static D:\2022\grabador de PIC\2022\progrma Secuencias\ver 1\ESTEBAN_CodigoLeds.asm
                Ref_Modo2   0x000060    program     static D:\2022\grabador de PIC\2022\progrma Secuencias\ver 1\ESTEBAN_CodigoLeds.asm
                   _ExtM2   0x000062    program     static D:\2022\grabador de PIC\2022\progrma Secuencias\ver 1\ESTEBAN_CodigoLeds.asm
                Ref_Modo3   0x000063    program     static D:\2022\grabador de PIC\2022\progrma Secuencias\ver 1\ESTEBAN_CodigoLeds.asm
                   _ExtM3   0x000065    program     static D:\2022\grabador de PIC\2022\progrma Secuencias\ver 1\ESTEBAN_CodigoLeds.asm
                AT_INTERR   0x000066    program     static D:\2022\grabador de PIC\2022\progrma Secuencias\ver 1\ESTEBAN_CodigoLeds.asm
                      _T0   0x000069    program     static D:\2022\grabador de PIC\2022\progrma Secuencias\ver 1\ESTEBAN_CodigoLeds.asm
              T0Continue0   0x000071    program     static D:\2022\grabador de PIC\2022\progrma Secuencias\ver 1\ESTEBAN_CodigoLeds.asm
              T0Continue1   0x000077    program     static D:\2022\grabador de PIC\2022\progrma Secuencias\ver 1\ESTEBAN_CodigoLeds.asm
              T0Continue2   0x00007d    program     static D:\2022\grabador de PIC\2022\progrma Secuencias\ver 1\ESTEBAN_CodigoLeds.asm
                   _ExtT0   0x000083    program     static D:\2022\grabador de PIC\2022\progrma Secuencias\ver 1\ESTEBAN_CodigoLeds.asm
                      _X0   0x000085    program     static D:\2022\grabador de PIC\2022\progrma Secuencias\ver 1\ESTEBAN_CodigoLeds.asm
              X0Continue0   0x00008b    program     static D:\2022\grabador de PIC\2022\progrma Secuencias\ver 1\ESTEBAN_CodigoLeds.asm
                   _ExtX0   0x00008c    program     static D:\2022\grabador de PIC\2022\progrma Secuencias\ver 1\ESTEBAN_CodigoLeds.asm


