MPASM  5.37            ESTEBAN_CODIGOLEDS.ASM   2-5-2023  11:44:42         PAGE  1


LOC  OBJECT CODE     LINE SOURCE TEXT
  VALUE

Warning[205]: Found directive in column 1. (List)
                      00001 List P=16F84A
                      00002 #include "P16F84A.inc"
                      00001         LIST
                      00002 ; P16F84A.INC  Standard Header File, Version 2.00    Microchip Technology, Inc.
                      00134         LIST
Warning[205]: Found directive in column 1. (__CONFIG)
2007   3FF1           00003 __CONFIG _XT_OSC & _PWRTE_ON &  _CP_OFF & _WDT_OFF
                      00004 ;================================VAR================================
Warning[205]: Found directive in column 1. (CBLOCK)
                      00005 CBLOCK 0X0C
  0000000C            00006         Modo
  0000000D            00007         SubModo
  0000000E            00008         Cont0
  0000000F            00009         Cont1
  00000010            00010         Cont2
  00000011            00011         Cont3
  00000012            00012         Var0
  00000013            00013         Var1
  00000014            00014         Var2
  00000015            00015         Var3
  00000016            00016         Var4
Warning[205]: Found directive in column 1. (ENDC)
                      00017 ENDC
                      00018 ;================================VECTOR================================
Warning[205]: Found directive in column 1. (ORG)
0000                  00019 ORG     00h
0000   2805           00020         goto Main
                      00021         
Warning[205]: Found directive in column 1. (ORG)
0004                  00022 ORG 04h
0004   28F4           00023         goto AT_INTERR
                      00024 
                      00025 
                      00026 ;================================MAIN================================
0005                  00027 Main 
                      00028         ;Banco 1
0005   1683           00029         bsf STATUS,5            ;Selecc Banco
Message[302]: Register in operand not in bank 0.  Ensure that bank bits are correct.
0006   1005           00030         BCF TRISA,0                     ;Conf Puerto Out
Message[302]: Register in operand not in bank 0.  Ensure that bank bits are correct.
0007   1085           00031         BCF TRISA,1     
Message[302]: Register in operand not in bank 0.  Ensure that bank bits are correct.
0008   1105           00032         BCF TRISA,2                     
Message[302]: Register in operand not in bank 0.  Ensure that bank bits are correct.
0009   1185           00033         BCF TRISA,3
Message[302]: Register in operand not in bank 0.  Ensure that bank bits are correct.
000A   1406           00034         BSF TRISB,0                     ;Deberia de ser BSF pero el hadwere funciona con BCF
000B   3007           00035         MOVLW b'00000111'       ;Prescalar de 256 para TM0                              
Message[302]: Register in operand not in bank 0.  Ensure that bank bits are correct.
000C   0081           00036         MOVWF OPTION_REG
000D   3030           00037         MOVLW b'00110000'               ;Habilitador Interrupciones
000E   008B           00038         MOVWF INTCON
MPASM  5.37            ESTEBAN_CODIGOLEDS.ASM   2-5-2023  11:44:42         PAGE  2


LOC  OBJECT CODE     LINE SOURCE TEXT
  VALUE

                      00039         ;Banco 0
000F   1283           00040         BCF STATUS,5            ;Selecc Banco
0010   30F5           00041         MOVLW d'245'            
0011   0081           00042         MOVWF TMR0
0012   0185           00043         CLRF PORTA                      ;Apagar leds 
0013   1006           00044         BCF PORTB,0
0014   3001           00045         MOVLW d'1'
0015   008E           00046         movwf Cont0
0016   008F           00047         movwf Cont1
0017   0090           00048         movwf Cont2
0018   0091           00049         movwf Cont3
0019   0192           00050         clrf Var0
001A   0193           00051         clrf Var1
001B   0194           00052         clrf Var2
001C   0195           00053         clrf Var3       
001D   018D           00054         clrf SubModo
001E   3000           00055         MOVLW d'0'
001F   008C           00056         movwf Modo
0020   178B           00057         BSF INTCON,7            ;Habilitar todas las Interrupt
0021                  00058 LOOP
0021   2821           00059         GOTO LOOP 
                      00060 ;================================================================================================
                      00061 ;                                                                               SUBRUTINAS
                      00062 ;================================================================================================
                      00063 
                      00064 ;========================MODO0_1========================
0022                  00065 Ref_Modo0
0022   0B8E           00066         DECFSZ Cont0,1
0023   282C           00067         goto M0Continue0
0024   3032           00068         movlW d'50'
0025   008E           00069         movwf Cont0
0026   0185           00070         clrf PORTA
0027   1814           00071         btfsc Var2,0
0028   282B           00072         goto M0Continue1
0029   1414           00073         bsf Var2,0
002A   282C           00074         goto M0Continue0
Warning[207]: Found label after column 1. (M0Continue1)
002B                  00075    M0Continue1
002B   1014           00076         bcf Var2,0
Warning[207]: Found label after column 1. (M0Continue0)
002C                  00077    M0Continue0
002C   0B8F           00078         DECFSZ Cont1,1
002D   2840           00079         goto ExtM0
002E   300A           00080         movlW d'10'
002F   008F           00081         movwf Cont1
0030   1814           00082         btfsc Var2,0
0031   2839           00083         goto M0Continue2
0032   1805           00084         btfsc PORTA,0
0033   2837           00085         goto M0Continue3
0034   3003           00086         movlw b'00000011'
0035   0085           00087         movwf PORTA
0036   2840           00088         goto ExtM0
Warning[207]: Found label after column 1. (M0Continue3)
MPASM  5.37            ESTEBAN_CODIGOLEDS.ASM   2-5-2023  11:44:42         PAGE  3


LOC  OBJECT CODE     LINE SOURCE TEXT
  VALUE

0037                  00089    M0Continue3
0037   0185           00090         clrf PORTA
0038   2840           00091         goto ExtM0
Warning[207]: Found label after column 1. (M0Continue2)
0039                  00092    M0Continue2
0039   1905           00093         btfsc PORTA,2
003A   283E           00094         goto M0Continue4
003B   300C           00095         movlw b'00001100'
003C   0085           00096         movwf PORTA
003D   2840           00097         goto ExtM0
Warning[207]: Found label after column 1. (M0Continue4)
003E                  00098    M0Continue4
003E   0185           00099         clrf PORTA
003F   2840           00100         goto ExtM0
Warning[207]: Found label after column 1. (ExtM0)
0040                  00101   ExtM0
0040   0008           00102         return
                      00103 ;========================MODO0_1========================
0041                  00104 Ref_Modo1_0
0041   0B8E           00105         DECFSZ Cont0,1
0042   284D           00106         goto M1_0Continue0
0043   301E           00107         movlW d'30'
0044   008E           00108         movwf Cont0
0045   0185           00109         clrf PORTA
0046   3003           00110         movlw d'3'
0047   0614           00111         xorwf Var2,0
0048   1903           00112         btfsc STATUS,2
0049   284C           00113         goto M1_0Continue1
Message[305]: Using default destination of 1 (file).
004A   0A94           00114         incf Var2
004B   284D           00115         goto M1_0Continue0
Warning[207]: Found label after column 1. (M1_0Continue1)
004C                  00116    M1_0Continue1        
004C   0094           00117         movwf Var2
Warning[207]: Found label after column 1. (M1_0Continue0)
004D                  00118    M1_0Continue0
004D   0B8F           00119         DECFSZ Cont1,1
004E   2865           00120         goto ExtM1_0
004F   300A           00121         movlW d'10'
0050   008F           00122         movwf Cont1     
0051   0814           00123         movf Var2,0
0052   0092           00124         movwf Var0
Message[305]: Using default destination of 1 (file).
0053   0A92           00125         incf Var0       
0054   3001           00126         movlw 1
0055   0093           00127         movwf Var1
Warning[207]: Found label after column 1. (M1_0Ciclo)
0056                  00128    M1_0Ciclo
0056   1003           00129         bcf STATUS,0
0057   0B92           00130         DECFSZ Var0,1   
0058   285A           00131         goto M1_0Rotar
0059   285C           00132         goto M1_0Continue2
Warning[207]: Found label after column 1. (M1_0Rotar)
MPASM  5.37            ESTEBAN_CODIGOLEDS.ASM   2-5-2023  11:44:42         PAGE  4


LOC  OBJECT CODE     LINE SOURCE TEXT
  VALUE

005A                  00133   M1_0Rotar
005A   0D93           00134         RLF Var1,1
005B   2856           00135         goto M1_0Ciclo
Warning[207]: Found label after column 1. (M1_0Continue2)
005C                  00136   M1_0Continue2
005C   0805           00137         movf PORTA,0
005D   0613           00138         xorwf Var1,0
005E   1903           00139         btfsc STATUS,2  
005F   2863           00140         goto M1_0Continue3
0060   0813           00141         movf Var1,0
0061   0085           00142         movwf PORTA
0062   2865           00143         goto ExtM1_0
Warning[207]: Found label after column 1. (M1_0Continue3)
0063                  00144   M1_0Continue3 
0063   0185           00145         clrf PORTA
0064   2865           00146         goto ExtM1_0
Warning[207]: Found label after column 1. (ExtM1_0)
0065                  00147   ExtM1_0
0065   0008           00148         return
                      00149 ;========================MODO1_1========================
0066                  00150 Ref_Modo1_1
0066   0B8E           00151         DECFSZ Cont0,1
0067   2873           00152         goto M1_1Continue0
0068   301E           00153         movlW d'30'
0069   008E           00154         movwf Cont0
006A   0185           00155         clrf PORTA
006B   3000           00156         movlw d'0'
006C   0614           00157         xorwf Var2,0
006D   1903           00158         btfsc STATUS,2
006E   2871           00159         goto M1_1Continue1
Message[305]: Using default destination of 1 (file).
006F   0394           00160         decf Var2
0070   2873           00161         goto M1_1Continue0
Warning[207]: Found label after column 1. (M1_1Continue1)
0071                  00162    M1_1Continue1        
0071   3003           00163         movlw d'3'
0072   0094           00164         movwf Var2
Warning[207]: Found label after column 1. (M1_1Continue0)
0073                  00165    M1_1Continue0
0073   0B8F           00166         DECFSZ Cont1,1
0074   288E           00167         goto ExtM1_1
0075   300A           00168         movlW d'10'
0076   008F           00169         movwf Cont1     
0077   0814           00170         movf Var2,0
0078   0092           00171         movwf Var0
0079   0812           00172         movf Var0,0
007A   3C03           00173         sublw d'3'
007B   0092           00174         movwf Var0
Message[305]: Using default destination of 1 (file).
007C   0A92           00175         incf Var0
007D   3008           00176         movlw d'8'
007E   0093           00177         movwf Var1
Warning[207]: Found label after column 1. (M1_1Ciclo)
MPASM  5.37            ESTEBAN_CODIGOLEDS.ASM   2-5-2023  11:44:42         PAGE  5


LOC  OBJECT CODE     LINE SOURCE TEXT
  VALUE

007F                  00178    M1_1Ciclo
007F   1003           00179         bcf STATUS,0
0080   0B92           00180         DECFSZ Var0,1   
0081   2883           00181         goto M1_1Rotar
0082   2885           00182         goto M1_1Continue2
Warning[207]: Found label after column 1. (M1_1Rotar)
0083                  00183   M1_1Rotar
0083   0C93           00184         RRF Var1,1
0084   287F           00185         goto M1_1Ciclo
Warning[207]: Found label after column 1. (M1_1Continue2)
0085                  00186   M1_1Continue2
0085   0805           00187         movf PORTA,0
0086   0613           00188         xorwf Var1,0
0087   1903           00189         btfsc STATUS,2  
0088   288C           00190         goto M1_1Continue3
0089   0813           00191         movf Var1,0
008A   0085           00192         movwf PORTA
008B   288E           00193         goto ExtM1_1
Warning[207]: Found label after column 1. (M1_1Continue3)
008C                  00194   M1_1Continue3 
008C   0185           00195         clrf PORTA
008D   288E           00196         goto ExtM1_1
Warning[207]: Found label after column 1. (ExtM1_1)
008E                  00197   ExtM1_1
008E   0008           00198         return
                      00199 ;========================MODO2========================
008F                  00200 Ref_Modo2
008F   3000           00201         movlw d'0'
0090   0614           00202         xorwf Var2,0
0091   1D03           00203         btfss STATUS,2
0092   289B           00204         goto M2Continue0
0093   1405           00205         bsf PORTA,0
0094   1015           00206         bcf Var3,0
0095   3001           00207         movlw d'1'
0096   060E           00208         xorwf Cont0,0
0097   1903           00209         btfsc STATUS,2
0098   28A6           00210         goto M2Continue1
Message[305]: Using default destination of 1 (file).
0099   0A8F           00211         incf Cont1
009A   28A6           00212         goto M2Continue1
009B                  00213 M2Continue0
009B   3003           00214         movlw d'3'
009C   0614           00215         xorwf Var2,0
009D   1D03           00216         btfss STATUS,2
009E   28A6           00217         goto M2Continue1
009F   1585           00218         bsf PORTA,3
00A0   1415           00219         bsf Var3,0
00A1   3001           00220         movlw d'1'
00A2   060E           00221         xorwf Cont0,0
00A3   1903           00222         btfsc STATUS,2
00A4   28A6           00223         goto M2Continue1
Message[305]: Using default destination of 1 (file).
00A5   0A8F           00224         incf Cont1
MPASM  5.37            ESTEBAN_CODIGOLEDS.ASM   2-5-2023  11:44:42         PAGE  6


LOC  OBJECT CODE     LINE SOURCE TEXT
  VALUE

Warning[207]: Found label after column 1. (M2Continue1)
00A6                  00225   M2Continue1
00A6   1815           00226         btfsc Var3,0
00A7   28A9           00227         goto M2Continue2
00A8   2841           00228         goto Ref_Modo1_0
Warning[207]: Found label after column 1. (M2Continue2)
00A9                  00229   M2Continue2
00A9   2866           00230         goto Ref_Modo1_1
                      00231 
                      00232 ;========================MODO3========================
00AA                  00233 Ref_Modo3
00AA   0B8E           00234         DECFSZ Cont0,1
00AB   28B5           00235         goto ExtM3
00AC   300A           00236         movlW d'10'
00AD   008E           00237         movwf Cont0
00AE   1805           00238         btfsc PORTA,0
00AF   28B3           00239         goto M3Continue0
00B0   300F           00240         movlw b'00001111'
00B1   0085           00241         movwf PORTA
00B2   28B5           00242         goto ExtM3
Warning[207]: Found label after column 1. (M3Continue0)
00B3                  00243   M3Continue0   
00B3   0185           00244         clrf PORTA
00B4   28B5           00245         goto ExtM3
Warning[207]: Found label after column 1. (ExtM3)
00B5                  00246   ExtM3
00B5   0008           00247         return
                      00248 
                      00249 
                      00250 ;========================MODO4========================
00B6                  00251 Ref_Modo4
00B6   0B8E           00252         DECFSZ Cont0,1
00B7   28D2           00253         goto ExtM4
00B8   1812           00254         btfsc Var0,0
00B9   28C3           00255         goto M4Continue1
Message[305]: Using default destination of 1 (file).
00BA   0A93           00256         incf Var1               
00BB   0813           00257         movf Var1,0
00BC   008E           00258         movwf Cont0
00BD   3021           00259         movlw d'33'
00BE   0613           00260         xorwf Var1,0    
00BF   1D03           00261         btfss STATUS,2
00C0   28CB           00262         goto M4Continue0
00C1   1412           00263         bsf Var0,0
00C2   28CB           00264         goto M4Continue0
Warning[207]: Found label after column 1. (M4Continue1)
00C3                  00265   M4Continue1
Message[305]: Using default destination of 1 (file).
00C3   0393           00266         decf Var1
00C4   0813           00267         movf Var1,0             
00C5   008E           00268         movwf Cont0
00C6   3001           00269         movlw d'1'
00C7   0613           00270         xorwf Var1,0    
MPASM  5.37            ESTEBAN_CODIGOLEDS.ASM   2-5-2023  11:44:42         PAGE  7


LOC  OBJECT CODE     LINE SOURCE TEXT
  VALUE

00C8   1D03           00271         btfss STATUS,2
00C9   28CB           00272         goto M4Continue0
00CA   1012           00273         bcf Var0,0
Warning[207]: Found label after column 1. (M4Continue0)
00CB                  00274   M4Continue0
00CB   1805           00275         btfsc PORTA,0
00CC   28D0           00276         goto M4Continue2
00CD   300F           00277         movlw b'00001111'
00CE   0085           00278         movwf PORTA
00CF   28D2           00279         goto ExtM4
Warning[207]: Found label after column 1. (M4Continue2)
00D0                  00280   M4Continue2
00D0   0185           00281         clrf PORTA
00D1   28D2           00282         goto ExtM4
Warning[207]: Found label after column 1. (ExtM4)
00D2                  00283    ExtM4
00D2   0008           00284         return
                      00285 ;========================MODO5========================
00D3                  00286 Ref_Modo5
00D3   0B90           00287         DECFSZ Cont2,1
00D4   28E4           00288         goto M5Continue0
00D5   3064           00289         movlW d'100'    
00D6   0090           00290         movwf Cont2
00D7   0B91           00291         DECFSZ Cont3,1
00D8   28E4           00292         goto M5Continue0
00D9   3003           00293         movlW d'3'      
00DA   0091           00294         movwf Cont3
00DB   0194           00295         clrf Var2
00DC   0185           00296         clrf PORTA
00DD   3003           00297         movlw d'3'
00DE   060D           00298         xorwf SubModo,0 
00DF   1D03           00299         btfss STATUS,2
00E0   28E3           00300         goto M5Continue1
00E1   008D           00301         movwf SubModo
00E2   28E4           00302         goto M5Continue0        
Warning[207]: Found label after column 1. (M5Continue1)
00E3                  00303   M5Continue1
Message[305]: Using default destination of 1 (file).
00E3   0A8D           00304         incf SubModo
Warning[207]: Found label after column 1. (M5Continue0)
00E4                  00305   M5Continue0 
00E4   3000           00306         movlw d'0'
00E5   060D           00307         xorwf SubModo,0 
00E6   1D03           00308         btfss STATUS,2
00E7   28E9           00309         goto M5Continue2
00E8   2822           00310         goto Ref_Modo0  
Warning[207]: Found label after column 1. (M5Continue2)
00E9                  00311   M5Continue2
00E9   3001           00312         movlw d'1'
00EA   060D           00313         xorwf SubModo,0 
00EB   1D03           00314         btfss STATUS,2
00EC   28EE           00315         goto M5Continue3
00ED   2841           00316         goto Ref_Modo1_0        
MPASM  5.37            ESTEBAN_CODIGOLEDS.ASM   2-5-2023  11:44:42         PAGE  8


LOC  OBJECT CODE     LINE SOURCE TEXT
  VALUE

Warning[207]: Found label after column 1. (M5Continue3)
00EE                  00317   M5Continue3
00EE   3002           00318         movlw d'2'
00EF   060D           00319         xorwf SubModo,0 
00F0   1D03           00320         btfss STATUS,2
00F1   28F3           00321         goto M5Continue4
00F2   28AA           00322         goto Ref_Modo3  
Warning[207]: Found label after column 1. (M5Continue4)
00F3                  00323   M5Continue4
00F3   2866           00324         goto Ref_Modo1_1
                      00325 ;================================================================================================
                      00326 ;                                                                               INTERRUPCIONES
                      00327 ;================================================================================================
00F4                  00328 AT_INTERR
00F4   190B           00329         BTFSC INTCON,T0IF
00F5   28F7           00330     goto _T0
00F6   291B           00331         goto _X0
                      00332 ;========================TIMER========================
Warning[207]: Found label after column 1. (_T0)
00F7                  00333   _T0
00F7   30EB           00334         MOVLW d'235'            
00F8   0081           00335         MOVWF TMR0      
00F9   3000           00336         movlw d'0'
00FA   060C           00337         xorwf Modo,0    
00FB   1D03           00338         btfss STATUS,2
00FC   28FF           00339         goto T0Continue0
00FD   2022           00340         call Ref_Modo0
00FE   2919           00341         goto ExtT0
Warning[207]: Found label after column 1. (T0Continue0)
00FF                  00342   T0Continue0
00FF   3001           00343         movlw d'1'
0100   060C           00344         xorwf Modo,0
0101   1D03           00345         btfss STATUS,2
0102   2905           00346         goto T0Continue1
0103   2041           00347         call Ref_Modo1_0
0104   2919           00348         goto ExtT0
Warning[207]: Found label after column 1. (T0Continue1)
0105                  00349   T0Continue1
0105   3002           00350         movlw d'2'
0106   060C           00351         xorwf Modo,0
0107   1D03           00352         btfss STATUS,2
0108   290B           00353         goto T0Continue2
0109   208F           00354         call Ref_Modo2
010A   2919           00355         goto ExtT0
Warning[207]: Found label after column 1. (T0Continue2)
010B                  00356   T0Continue2
010B   3003           00357         movlw d'3'
010C   060C           00358         xorwf Modo,0
010D   1D03           00359         btfss STATUS,2
010E   2911           00360         goto T0Continue3
010F   20AA           00361         call Ref_Modo3
0110   2919           00362         goto ExtT0
Warning[207]: Found label after column 1. (T0Continue3)
MPASM  5.37            ESTEBAN_CODIGOLEDS.ASM   2-5-2023  11:44:42         PAGE  9


LOC  OBJECT CODE     LINE SOURCE TEXT
  VALUE

0111                  00363   T0Continue3
0111   3004           00364         movlw d'4'
0112   060C           00365         xorwf Modo,0
0113   1D03           00366         btfss STATUS,2
0114   2917           00367         goto T0Continue4
0115   20B6           00368         call Ref_Modo4
0116   2919           00369         goto ExtT0
Warning[207]: Found label after column 1. (T0Continue4)
0117                  00370   T0Continue4
0117   20D3           00371         call Ref_Modo5
0118   2919           00372         goto ExtT0
                      00373  ;========================EXTERNA========================
Warning[207]: Found label after column 1. (ExtT0)
0119                  00374   ExtT0
0119   110B           00375         BCF INTCON,T0IF
011A   0009           00376         RETFIE
Warning[207]: Found label after column 1. (_X0)
011B                  00377   _X0
011B   0192           00378         clrf Var0
011C   0193           00379         clrf Var1
011D   0194           00380         clrf Var2
011E   0195           00381         clrf Var3
011F   018D           00382         clrf SubModo
0120   3001           00383         movlw d'1'
0121   008E           00384         movwf Cont0
0122   008F           00385         movwf Cont1
0123   0090           00386         movwf Cont2
0124   0091           00387         movwf Cont3
0125   3005           00388         movlw d'5'
0126   060C           00389         xorwf Modo,0
0127   1903           00390         btfsc STATUS,2
0128   292B           00391         goto  X0Continue0
Message[305]: Using default destination of 1 (file).
0129   0A8C           00392         incf Modo
012A   292C           00393         goto ExtX0
Warning[207]: Found label after column 1. (X0Continue0)
012B                  00394    X0Continue0
012B   008C           00395         movwf Modo
Warning[207]: Found label after column 1. (ExtX0)
012C                  00396   ExtX0
012C   108B           00397         BCF INTCON,INTF
012D   0009           00398         RETFIE
                      00399 
Warning[205]: Found directive in column 1. (end)
                      00400 end
MPASM  5.37            ESTEBAN_CODIGOLEDS.ASM   2-5-2023  11:44:42         PAGE 10


SYMBOL TABLE
  LABEL                             VALUE 

AT_INTERR                         000000F4
C                                 00000000
Cont0                             0000000E
Cont1                             0000000F
Cont2                             00000010
Cont3                             00000011
DC                                00000001
EEADR                             00000009
EECON1                            00000088
EECON2                            00000089
EEDATA                            00000008
EEIE                              00000006
EEIF                              00000004
ExtM0                             00000040
ExtM1_0                           00000065
ExtM1_1                           0000008E
ExtM3                             000000B5
ExtM4                             000000D2
ExtT0                             00000119
ExtX0                             0000012C
F                                 00000001
FSR                               00000004
GIE                               00000007
INDF                              00000000
INTCON                            0000000B
INTE                              00000004
INTEDG                            00000006
INTF                              00000001
IRP                               00000007
LOOP                              00000021
M0Continue0                       0000002C
M0Continue1                       0000002B
M0Continue2                       00000039
M0Continue3                       00000037
M0Continue4                       0000003E
M1_0Ciclo                         00000056
M1_0Continue0                     0000004D
M1_0Continue1                     0000004C
M1_0Continue2                     0000005C
M1_0Continue3                     00000063
M1_0Rotar                         0000005A
M1_1Ciclo                         0000007F
M1_1Continue0                     00000073
M1_1Continue1                     00000071
M1_1Continue2                     00000085
M1_1Continue3                     0000008C
M1_1Rotar                         00000083
M2Continue0                       0000009B
M2Continue1                       000000A6
M2Continue2                       000000A9
M3Continue0                       000000B3
M4Continue0                       000000CB
M4Continue1                       000000C3
MPASM  5.37            ESTEBAN_CODIGOLEDS.ASM   2-5-2023  11:44:42         PAGE 11


SYMBOL TABLE
  LABEL                             VALUE 

M4Continue2                       000000D0
M5Continue0                       000000E4
M5Continue1                       000000E3
M5Continue2                       000000E9
M5Continue3                       000000EE
M5Continue4                       000000F3
Main                              00000005
Modo                              0000000C
NOT_PD                            00000003
NOT_RBPU                          00000007
NOT_TO                            00000004
OPTION_REG                        00000081
PCL                               00000002
PCLATH                            0000000A
PORTA                             00000005
PORTB                             00000006
PS0                               00000000
PS1                               00000001
PS2                               00000002
PSA                               00000003
RBIE                              00000003
RBIF                              00000000
RD                                00000000
RP0                               00000005
RP1                               00000006
Ref_Modo0                         00000022
Ref_Modo1_0                       00000041
Ref_Modo1_1                       00000066
Ref_Modo2                         0000008F
Ref_Modo3                         000000AA
Ref_Modo4                         000000B6
Ref_Modo5                         000000D3
STATUS                            00000003
SubModo                           0000000D
T0CS                              00000005
T0Continue0                       000000FF
T0Continue1                       00000105
T0Continue2                       0000010B
T0Continue3                       00000111
T0Continue4                       00000117
T0IE                              00000005
T0IF                              00000002
T0SE                              00000004
TMR0                              00000001
TRISA                             00000085
TRISB                             00000086
Var0                              00000012
Var1                              00000013
Var2                              00000014
Var3                              00000015
Var4                              00000016
W                                 00000000
WR                                00000001
MPASM  5.37            ESTEBAN_CODIGOLEDS.ASM   2-5-2023  11:44:42         PAGE 12


SYMBOL TABLE
  LABEL                             VALUE 

WREN                              00000002
WRERR                             00000003
X0Continue0                       0000012B
Z                                 00000002
_CP_OFF                           00003FFF
_CP_ON                            0000000F
_HS_OSC                           00003FFE
_LP_OSC                           00003FFC
_PWRTE_OFF                        00003FFF
_PWRTE_ON                         00003FF7
_RC_OSC                           00003FFF
_T0                               000000F7
_WDT_OFF                          00003FFB
_WDT_ON                           00003FFF
_X0                               0000011B
_XT_OSC                           00003FFD
__16F84A                          00000001


MEMORY USAGE MAP ('X' = Used,  '-' = Unused)

0000 : X---XXXXXXXXXXXX XXXXXXXXXXXXXXXX XXXXXXXXXXXXXXXX XXXXXXXXXXXXXXXX
0040 : XXXXXXXXXXXXXXXX XXXXXXXXXXXXXXXX XXXXXXXXXXXXXXXX XXXXXXXXXXXXXXXX
0080 : XXXXXXXXXXXXXXXX XXXXXXXXXXXXXXXX XXXXXXXXXXXXXXXX XXXXXXXXXXXXXXXX
00C0 : XXXXXXXXXXXXXXXX XXXXXXXXXXXXXXXX XXXXXXXXXXXXXXXX XXXXXXXXXXXXXXXX
0100 : XXXXXXXXXXXXXXXX XXXXXXXXXXXXXXXX XXXXXXXXXXXXXX-- ----------------
2000 : -------X-------- ---------------- ---------------- ----------------

All other memory blocks unused.

Program Memory Words Used:   299
Program Memory Words Free:   725


Errors   :     0
Warnings :    50 reported,     0 suppressed
Messages :    16 reported,     0 suppressed

